你好呀！今天想聊点什么？有什么困扰我可以帮你看看。